
> @openpresentation/opf@0.9.0 build /Users/michael/Source/opf-render/artifacts/furniture-review-20260914/before-runtime/core/packages/javascript
> pnpm run generate && tsup && node scripts/copy-spec.mjs


> @openpresentation/opf@0.9.0 generate /Users/michael/Source/opf-render/artifacts/furniture-review-20260914/before-runtime/core/packages/javascript
> node scripts/generate.mjs && node scripts/generate-previews.mjs && node scripts/generate-content.mjs

Generated src/generated/previews.ts (70 previews)
Generated src/generated/examples.ts (126 examples, 7 galleries)
Generated src/generated/docs.ts (28 docs)
Generated src/generated/repo-readme.ts (11388 bytes)
CLI Building entry: {"data":"src/data.ts","pagination":"src/pagination.ts","composition":"src/composition.ts","index":"src/index.ts","schemas":"src/schemas.ts","catalogs":"src/catalogs.ts","validator":"src/validator.ts","types":"src/types.ts","spec-files":"src/spec-files.ts","previews":"src/previews.ts","examples":"src/examples.ts","docs":"src/docs.ts","repo-readme":"src/repo-readme.ts"}
CLI Using tsconfig: tsconfig.json
CLI tsup v8.5.1
CLI Using tsup config: /Users/michael/Source/opf-render/artifacts/furniture-review-20260914/before-runtime/core/packages/javascript/tsup.config.ts
CLI Target: es2022
CLI Cleaning output folder
ESM Build start
DTS Build start
ESM dist/previews.js       130.00 B
ESM dist/pagination.js     215.00 B
ESM dist/data.js           95.00 B
ESM dist/spec-files.js     85.00 B
ESM dist/composition.js    420.00 B
ESM dist/repo-readme.js    11.47 KB
ESM dist/index.js          1.37 KB
ESM dist/chunk-SOSOBKQ2.js 6.52 KB
ESM dist/chunk-KOC4AH2F.js 12.98 KB
ESM dist/chunk-DCJ2ZESA.js 27.16 KB
ESM dist/schemas.js        202.00 B
ESM dist/catalogs.js       238.00 B
ESM dist/chunk-PIQXLBBJ.js 108.89 KB
ESM dist/types.js          1.00 B
ESM dist/chunk-BAWLYSUN.js 85.39 KB
ESM dist/chunk-GQSK3T7X.js 219.58 KB
ESM dist/validator.js      267.00 B
ESM dist/chunk-OZULJBSG.js 117.86 KB
ESM dist/chunk-TWMRZ43O.js 499.00 KB
ESM dist/docs.js           517.63 KB
ESM dist/examples.js       3.48 MB
ESM ⚡️ Build success in 401ms
DTS ⚡️ Build success in 2798ms
DTS dist/index.d.ts                 3.05 KB
DTS dist/data.d.ts                  1005.00 B
DTS dist/pagination.d.ts            2.26 KB
DTS dist/previews.d.ts              1.71 KB
DTS dist/repo-readme.d.ts           139.00 B
DTS dist/examples.d.ts              2.09 KB
DTS dist/docs.d.ts                  671.00 B
DTS dist/composition.d.ts           22.86 KB
DTS dist/validator.d.ts             1.54 KB
DTS dist/spec-files.d.ts            19.57 KB
DTS dist/schemas.d.ts               314.00 B
DTS dist/catalogs.d.ts              454.00 B
DTS dist/types.d.ts                 416.00 B
DTS dist/presentation-BMTdX6O1.d.ts 113.38 KB
DTS dist/schemas--QRVBhU1.d.ts      8.84 KB
DTS dist/catalogs-BnnkUX9O.d.ts     46.31 KB
Generated an empty chunk: "types".
