
> @openpresentation/opf-render@0.7.0 test
> npm run build && node test/font-outlines.mjs && node test/accepted-text.mjs && node test/image-placeholders.mjs && node test/chart-colors.mjs && node test/smoke.mjs && node test/webp.mjs && node test/jpeg-orientation.mjs && node test/fonts.mjs && node test/office-fonts.mjs && node test/timeline.mjs && node test/quote-footer.mjs && node test/shared-quote.mjs && node test/rich-trace.mjs && node test/rich-table.mjs && node test/golden-gate.mjs && node test/golden.mjs && node test/fonts-browser.mjs && node test/design-preview.mjs && npm run build:browser-check && npm run test:styled-table


> @openpresentation/opf-render@0.7.0 build
> node scripts/build.mjs

Font outlines: 99 pinned face/text combinations preserve advances, scaling and cache isolation; empty ink, negative bearings, substitution and strict errors pass.
Accepted text: 48 wide/portrait/card/alignment/scalar/rich cases consume exact accepted fits and styles; overflow diagnostics and strict rejection pass.
Image placeholders passed: 7 source-preserving theme, bounded-label/icon, accessible-description, alias override and resolver cases; opacity preserved and asset failures explicit.
Chart colors passed: 40 simple/catalog paths, light/dark/opposite surfaces, retained alpha and unresolved data; no source mutation.
opf-render smoke passed (126 OPF corpus deck(s) rendered).
WebP raster passed: 23 PNG/PDF and fit/crop cases; independent pixels, PDF image streams, alpha/EXIF/first frame, SVG input forms, errors and unchanged source SVG.
JPEG orientation passed: 24 raster/PDF and fit/crop cases across all eight orientations; independent Pillow pixels (max channel difference 2), original orientation-1 bytes and path-specific errors.
Fonts: actual advances, scaling, strict missing fonts/glyphs, explicit substitution, embedding and raster output passed.
Office font policy passed: 24 bundled faces, exact-first lookup, scoped metric claims, theme aliases, explicit approximate fallback, and symbol/math/coverage errors.
Timelines passed: 1/2/4/8 events, wide and portrait slides, measured text and marker containment.
Quote footer passed: 8 fitted long quotes retain separation, 2 oversized cases diagnose/reject in strict mode across wide and portrait canvases.
Shared quote SVG: 4 exact accepted layouts/styles with no extra measurement, reasoned overflow, strict rejection and no tiny-cell omission.
Rich trace passed: leading/trailing blank lines, CRLF, cross-run offsets and measured heights.
Rich table renderer passed: formatted cell/header runs, trace paths, links, empty rich cells, PNG output and strict overflow.
Golden gate passed: missing baseline, pixel drift, source drift, non-mutating candidate generation and empty-corpus rejection.
Golden passed: 805 slides, 126 decks; no skipped corpus.
Browser fonts: identical bytes, measurement, owned cleanup, network failure and abort passed.
Design preview: header/footer zones, inheritance suppression, angles, opacity, patterns, image background and watermark passed.

> @openpresentation/opf-render@0.7.0 build:browser-check
> node scripts/build-browser-check.mjs

Browser bundle passed: no native raster modules. Serve /artifacts/jpeg/browser/index.html to run the JPEG orientation comparisons.
Quote browser fixtures ready: actual glyph containment with four bundled open font faces.

> @openpresentation/opf-render@0.7.0 test:styled-table
> node test/styled-table.mjs

Styled table renderer passed: spans, fills/alpha, shared border precedence and suppression, scalar/rich vertical alignment, editable paths, run overrides and rasterization.

> @openpresentation/opf-render@0.7.0 typecheck
> node --check src/index.js && node --check scripts/build.mjs && node --check scripts/validate-package.mjs && node --check test/smoke.mjs && node --check test/golden.mjs && node --check src/fonts.js && node --check src/fonts-node.js && node --check src/font-compatibility.js && node --check test/office-fonts.mjs && node --check src/fonts-browser.js && node --check test/fonts-browser.mjs && node --check src/svg.js && node --check src/raster.js && node --check src/raster-images.js && node --check test/webp.mjs && node --check test/jpeg-orientation.mjs && node --check scripts/build-browser-check.mjs && node --check test/jpeg-browser.js && node --check test/rich-table.mjs && node --check test/styled-table.mjs && node --check test/chart-colors.mjs && node --check test/image-placeholders.mjs && node --check test/image-placeholders-browser.mjs && node --check test/accepted-text.mjs && node --check test/accepted-text-fixtures.mjs && node --check test/accepted-text-browser.mjs && node --check test/rich-spacing-browser.mjs


> @openpresentation/opf-render@0.7.0 validate
> node scripts/validate-package.mjs

@openpresentation/opf-render metadata is release-lane ready.

> @openpresentation/opf-render@0.7.0 test:font-preparation
> node test/font-preparation.mjs artifacts/font-preparation.json

Prepared fonts: 33 pinned faces/notices, nine exact raster styles, deterministic document workflow, explicit substitutions and integrity failure/recovery passed.
